[transformers] PyTorch was not found. Models won't be available and only tokenizers, configuration and file/data utilities can be used.
[transformers] DeepseekV32Config got `key=rope_scaling` in kwargs but hasn't set it as attribute. For RoPE standardization you need to set `self.rope_parameters` in model's config. 
wandb: [wandb.login()] Loaded credentials for https://api.wandb.ai from /home/a1111/.netrc.
wandb: Currently logged in as: davidfranco2300 (davidfranco2300-other) to https://api.wandb.ai. Use `wandb login --relogin` to force relogin
wandb: setting up run f2x6ii3l
wandb: Tracking run with wandb version 0.28.1
wandb: Run data is saved locally in /home/a1111/yxTPU/pretraining/runs/20260728T132947Z-kda_hybrid_128k-muonclip-superbpe_smoke/wandb/run-20260728_133029-f2x6ii3l
wandb: Run `wandb offline` to turn off syncing.
wandb: Syncing run 20260728T132947Z-kda_hybrid_128k-muonclip-superbpe_smoke
wandb: ⭐️ View project at https://wandb.ai/davidfranco2300-other/yxtpu-pretrain
wandb: 🚀 View run at https://wandb.ai/davidfranco2300-other/yxtpu-pretrain/runs/f2x6ii3l
{"compiled_memory": {"alias_size_in_bytes": 3224296448, "argument_size_in_bytes": 3224558592, "estimated_peak_bytes": 26048480256, "generated_code_size_in_bytes": 203717632, "output_size_in_bytes": 3224304640, "temp_size_in_bytes": 22823913472}}
{"data_wait_ms": 0.0, "grad_norm": 5.6665940284729, "host_to_device_ms": 0.0, "learning_rate": 0.0, "loss": 12.268674850463867, "muonclip": {"clipped_heads": [0, 0, 0, 0], "max_logit": [6.411952495574951, 6.557102203369141, 6.529184818267822, 6.692312240600586], "min_scale": [1.0, 1.0, 1.0, 1.0]}, "step": 1, "step_ms": 828.2449179096147, "tokens": 524288, "tokens_per_second": 633010.8264633081, "tokens_seen": 524288, "wall_tokens_per_second": 633010.8264633081}
{"data_wait_ms": 0.033769989386200905, "grad_norm": 5.629283905029297, "host_to_device_ms": 34.34408805333078, "learning_rate": 9.999999999999999e-05, "loss": 12.262336730957031, "muonclip": {"clipped_heads": [0, 0, 0, 0], "max_logit": [6.687577247619629, 7.278395652770996, 6.495054244995117, 6.457275867462158], "min_scale": [1.0, 1.0, 1.0, 1.0]}, "step": 2, "step_ms": 478.56924997176975, "tokens": 524288, "tokens_per_second": 1095532.1513677011, "tokens_seen": 1048576, "wall_tokens_per_second": 1083286.2238417207}
{"data_wait_ms": 0.1712499652057886, "grad_norm": 5.094099521636963, "host_to_device_ms": 34.4463080400601, "learning_rate": 0.00019999999999999998, "loss": 12.13895034790039, "muonclip": {"clipped_heads": [0, 0, 0, 0], "max_logit": [6.558224678039551, 6.619978904724121, 6.742913722991943, 6.277456760406494], "min_scale": [1.0, 1.0, 1.0, 1.0]}, "step": 3, "step_ms": 479.06175092794, "tokens": 524288, "tokens_per_second": 1094405.8860563529, "tokens_seen": 1572864, "wall_tokens_per_second": 1086535.9816476984}
{"data_wait_ms": 0.13884995132684708, "grad_norm": 4.27922248840332, "host_to_device_ms": 62.133096042089164, "learning_rate": 0.0003, "loss": 11.861733436584473, "muonclip": {"clipped_heads": [0, 0, 0, 0], "max_logit": [6.511954307556152, 6.622195243835449, 6.876204490661621, 6.243780612945557], "min_scale": [1.0, 1.0, 1.0, 1.0]}, "step": 4, "step_ms": 475.18566995859146, "tokens": 524288, "tokens_per_second": 1103332.935199177, "tokens_seen": 2097152, "wall_tokens_per_second": 1087753.802676963}
{"data_wait_ms": 0.16084988601505756, "grad_norm": 3.6627371311187744, "host_to_device_ms": 66.05136604048312, "learning_rate": 0.0002990871782951623, "loss": 11.517572402954102, "muonclip": {"clipped_heads": [0, 0, 0, 0], "max_logit": [6.836495399475098, 6.36297082901001, 7.538080215454102, 6.6551666259765625], "min_scale": [1.0, 1.0, 1.0, 1.0]}, "step": 5, "step_ms": 474.3848389480263, "tokens": 524288, "tokens_per_second": 1105195.522611213, "tokens_seen": 2621440, "wall_tokens_per_second": 1081182.1641504592}
{"data_wait_ms": 0.13793993275612593, "grad_norm": 3.4488494396209717, "host_to_device_ms": 72.07179605029523, "learning_rate": 0.0002963610575282762, "loss": 11.175313949584961, "muonclip": {"clipped_heads": [0, 0, 0, 0], "max_logit": [6.801501274108887, 6.961946964263916, 6.466958522796631, 6.630183219909668], "min_scale": [1.0, 1.0, 1.0, 1.0]}, "step": 6, "step_ms": 474.4971910258755, "tokens": 524288, "tokens_per_second": 1104933.8329410874, "tokens_seen": 3145728, "wall_tokens_per_second": 1087848.097345512}
{"data_wait_ms": 0.1869599800556898, "grad_norm": 3.438631534576416, "host_to_device_ms": 67.42192502133548, "learning_rate": 0.00029185850380609757, "loss": 10.914205551147461, "muonclip": {"clipped_heads": [0, 0, 0, 0], "max_logit": [6.646817684173584, 6.891883850097656, 6.714799880981445, 6.364782333374023], "min_scale": [1.0, 1.0, 1.0, 1.0]}, "step": 7, "step_ms": 485.0592700531706, "tokens": 524288, "tokens_per_second": 1080874.09594817, "tokens_seen": 3670016, "wall_tokens_per_second": 1055953.5057064316}
{"data_wait_ms": 0.16296003013849258, "grad_norm": 3.262051582336426, "host_to_device_ms": 57.49517597723752, "learning_rate": 0.0002856404064436606, "loss": 10.604179382324219, "muonclip": {"clipped_heads": [0, 0, 0, 0], "max_logit": [6.756615161895752, 6.529953956604004, 6.230423450469971, 6.017646789550781], "min_scale": [1.0, 1.0, 1.0, 1.0]}, "step": 8, "step_ms": 700.1311760395765, "tokens": 524288, "tokens_per_second": 748842.5282898179, "tokens_seen": 4194304, "wall_tokens_per_second": 742186.2694234297}
{"data_wait_ms": 0.20549003966152668, "grad_norm": 2.894604206085205, "host_to_device_ms": 75.88449597824365, "learning_rate": 0.0002777908545407464, "loss": 10.362125396728516, "muonclip": {"clipped_heads": [0, 0, 0, 0], "max_logit": [6.479369163513184, 6.560428142547607, 5.811349391937256, 5.818296432495117], "min_scale": [1.0, 1.0, 1.0, 1.0]}, "step": 9, "step_ms": 699.5831559179351, "tokens": 524288, "tokens_per_second": 749429.1358574417, "tokens_seen": 4718592, "wall_tokens_per_second": 743819.7429970208}
{"data_wait_ms": 487.53698996733874, "grad_norm": 2.3854000568389893, "host_to_device_ms": 52.49016697052866, "learning_rate": 0.000268415999821062, "loss": 10.219171524047852, "muonclip": {"clipped_heads": [0, 0, 0, 0], "max_logit": [6.823988437652588, 6.687345504760742, 6.150620460510254, 5.479597568511963], "min_scale": [1.0, 1.0, 1.0, 1.0]}, "step": 10, "step_ms": 519.5527169853449, "tokens": 524288, "tokens_per_second": 1009114.1531164175, "tokens_seen": 5242880, "wall_tokens_per_second": 996541.7763424653}
{"data_wait_ms": 0.13874901924282312, "grad_norm": 1.9979939460754395, "host_to_device_ms": 53.34925698116422, "learning_rate": 0.00025764262111227905, "loss": 10.07619857788086, "muonclip": {"clipped_heads": [0, 0, 0, 0], "max_logit": [6.581793785095215, 6.037239074707031, 5.560619354248047, 5.28839111328125], "min_scale": [1.0, 1.0, 1.0, 1.0]}, "step": 11, "step_ms": 1253.6360319936648, "tokens": 524288, "tokens_per_second": 418213.8887362879, "tokens_seen": 5767168, "wall_tokens_per_second": 415000.56708091457}
{"data_wait_ms": 1056.3517539994791, "grad_norm": 1.680417776107788, "host_to_device_ms": 53.72979701496661, "learning_rate": 0.0002456164098798761, "loss": 9.949926376342773, "muonclip": {"clipped_heads": [0, 0, 0, 0], "max_logit": [6.684391975402832, 6.2705841064453125, 5.65588903427124, 5.325263023376465], "min_scale": [1.0, 1.0, 1.0, 1.0]}, "step": 12, "step_ms": 479.6976209618151, "tokens": 524288, "tokens_per_second": 1092955.1807006656, "tokens_seen": 6291456, "wall_tokens_per_second": 1081267.5848674537}
{"data_wait_ms": 0.1989300362765789, "grad_norm": 1.3877283334732056, "host_to_device_ms": 51.71865597367287, "learning_rate": 0.00023249999999999999, "loss": 9.856050491333008, "muonclip": {"clipped_heads": [0, 0, 0, 0], "max_logit": [6.5889973640441895, 6.124058723449707, 5.382475852966309, 4.9579315185546875], "min_scale": [1.0, 1.0, 1.0, 1.0]}, "step": 13, "step_ms": 483.0576899694279, "tokens": 524288, "tokens_per_second": 1085352.7661120177, "tokens_seen": 6815744, "wall_tokens_per_second": 1070851.95010621}
{"data_wait_ms": 0.1505599357187748, "grad_norm": 1.1339820623397827, "host_to_device_ms": 64.62845602072775, "learning_rate": 0.00021847076841528617, "loss": 9.834413528442383, "muonclip": {"clipped_heads": [0, 0, 0, 0], "max_logit": [6.797269344329834, 6.148374080657959, 5.539437770843506, 4.975764751434326], "min_scale": [1.0, 1.0, 1.0, 1.0]}, "step": 14, "step_ms": 1372.57510505151, "tokens": 524288, "tokens_per_second": 381973.9976854123, "tokens_seen": 7340032, "wall_tokens_per_second": 378692.70656996366}
{"data_wait_ms": 582.4574929429218, "grad_norm": 1.0286481380462646, "host_to_device_ms": 63.01411602180451, "learning_rate": 0.00020371843641599718, "loss": 9.711764335632324, "muonclip": {"clipped_heads": [0, 0, 0, 0], "max_logit": [6.754505634307861, 5.996097564697266, 5.145634174346924, 5.141891956329346], "min_scale": [1.0, 1.0, 1.0, 1.0]}, "step": 15, "step_ms": 478.0540799256414, "tokens": 524288, "tokens_per_second": 1096712.7402856806, "tokens_seen": 7864320, "wall_tokens_per_second": 1065307.855307469}
{"data_wait_ms": 0.16864994540810585, "grad_norm": 0.8991369605064392, "host_to_device_ms": 72.54761504009366, "learning_rate": 0.0001884425039850356, "loss": 9.728331565856934, "muonclip": {"clipped_heads": [0, 0, 0, 0], "max_logit": [6.453179359436035, 5.977225303649902, 5.328787326812744, 4.972888946533203], "min_scale": [1.0, 1.0, 1.0, 1.0]}, "step": 16, "step_ms": 768.8303519971669, "tokens": 524288, "tokens_per_second": 681929.3731550442, "tokens_seen": 8388608, "wall_tokens_per_second": 675320.8708592188}
{"data_wait_ms": 527.5248669786379, "grad_norm": 0.8347123265266418, "host_to_device_ms": 65.41525607462972, "learning_rate": 0.00017284955190291422, "loss": 9.602619171142578, "muonclip": {"clipped_heads": [0, 0, 0, 0], "max_logit": [6.550583362579346, 6.254238605499268, 5.05997371673584, 5.101052761077881], "min_scale": [1.0, 1.0, 1.0, 1.0]}, "step": 17, "step_ms": 673.2906680554152, "tokens": 524288, "tokens_per_second": 778694.8859906796, "tokens_seen": 8912896, "wall_tokens_per_second": 764680.829311556}
{"data_wait_ms": 0.15008996706455946, "grad_norm": 0.7679247856140137, "host_to_device_ms": 60.06801605690271, "learning_rate": 0.00015715044809708577, "loss": 9.577903747558594, "muonclip": {"clipped_heads": [0, 0, 0, 0], "max_logit": [6.748267650604248, 6.098409175872803, 4.9806694984436035, 4.954036712646484], "min_scale": [1.0, 1.0, 1.0, 1.0]}, "step": 18, "step_ms": 1176.302497042343, "tokens": 524288, "tokens_per_second": 445708.4817198406, "tokens_seen": 9437184, "wall_tokens_per_second": 441962.0283271831}
{"data_wait_ms": 986.1007189610973, "grad_norm": 0.7787911891937256, "host_to_device_ms": 53.86469606310129, "learning_rate": 0.0001415574960149644, "loss": 9.523483276367188, "muonclip": {"clipped_heads": [0, 0, 0, 0], "max_logit": [6.419254779815674, 5.9760847091674805, 4.892670631408691, 5.1454362869262695], "min_scale": [1.0, 1.0, 1.0, 1.0]}, "step": 19, "step_ms": 678.6325080320239, "tokens": 524288, "tokens_per_second": 772565.4073371614, "tokens_seen": 9961472, "wall_tokens_per_second": 761621.4792299159}
{"data_wait_ms": 0.16495096497237682, "grad_norm": 0.6621105074882507, "host_to_device_ms": 79.68283398076892, "learning_rate": 0.00012628156358400285, "loss": 9.474653244018555, "muonclip": {"clipped_heads": [0, 0, 0, 0], "max_logit": [6.5837082862854, 6.159344673156738, 4.998315811157227, 5.1216583251953125], "min_scale": [1.0, 1.0, 1.0, 1.0]}, "step": 20, "step_ms": 475.43144098017365, "tokens": 524288, "tokens_per_second": 1102762.5748080548, "tokens_seen": 10485760, "wall_tokens_per_second": 1078387.0615037093}
{"data_wait_ms": 0.16526994295418262, "grad_norm": 0.6105900406837463, "host_to_device_ms": 72.68197601661086, "learning_rate": 0.00011152923158471383, "loss": 9.461597442626953, "muonclip": {"clipped_heads": [0, 0, 0, 0], "max_logit": [6.348349094390869, 5.879784107208252, 5.310661792755127, 5.099225044250488], "min_scale": [1.0, 1.0, 1.0, 1.0]}, "step": 21, "step_ms": 1387.6252640038729, "tokens": 524288, "tokens_per_second": 377831.11449499865, "tokens_seen": 11010048, "wall_tokens_per_second": 374894.34276599187}
{"data_wait_ms": 505.3982080426067, "grad_norm": 0.614196240901947, "host_to_device_ms": 87.14034501463175, "learning_rate": 9.750000000000003e-05, "loss": 9.440534591674805, "muonclip": {"clipped_heads": [0, 0, 0, 0], "max_logit": [6.316972255706787, 6.15977144241333, 5.327940464019775, 5.240523338317871], "min_scale": [1.0, 1.0, 1.0, 1.0]}, "step": 22, "step_ms": 488.43676899559796, "tokens": 524288, "tokens_per_second": 1073399.9430020903, "tokens_seen": 11534336, "wall_tokens_per_second": 1047799.0612044183}
{"data_wait_ms": 0.18407998140901327, "grad_norm": 0.5252227187156677, "host_to_device_ms": 61.509656021371484, "learning_rate": 8.438359012012389e-05, "loss": 9.41958999633789, "muonclip": {"clipped_heads": [0, 0, 0, 0], "max_logit": [6.139537334442139, 5.890602111816406, 5.483903884887695, 4.980353832244873], "min_scale": [1.0, 1.0, 1.0, 1.0]}, "step": 23, "step_ms": 785.5729509610683, "tokens": 524288, "tokens_per_second": 667395.6878970785, "tokens_seen": 12058624, "wall_tokens_per_second": 660176.2158007881}
{"data_wait_ms": 559.8820350132883, "grad_norm": 0.5308131575584412, "host_to_device_ms": 63.15165595151484, "learning_rate": 7.235737888772097e-05, "loss": 9.389267921447754, "muonclip": {"clipped_heads": [0, 0, 0, 0], "max_logit": [6.5706071853637695, 6.119752407073975, 5.377309322357178, 5.0957136154174805], "min_scale": [1.0, 1.0, 1.0, 1.0]}, "step": 24, "step_ms": 685.0632770219818, "tokens": 524288, "tokens_per_second": 765313.2456305595, "tokens_seen": 12582912, "wall_tokens_per_second": 757587.2878008166}
{"data_wait_ms": 0.15936989802867174, "grad_norm": 0.484320729970932, "host_to_device_ms": 56.36272602714598, "learning_rate": 6.158400017893799e-05, "loss": 9.392701148986816, "muonclip": {"clipped_heads": [0, 0, 0, 0], "max_logit": [6.37485933303833, 6.038308620452881, 5.578100204467773, 5.035160064697266], "min_scale": [1.0, 1.0, 1.0, 1.0]}, "step": 25, "step_ms": 1212.7417050069198, "tokens": 524288, "tokens_per_second": 432316.2944223217, "tokens_seen": 13107200, "wall_tokens_per_second": 428597.267850217}
{"data_wait_ms": 992.7003179909661, "grad_norm": 0.4639396667480469, "host_to_device_ms": 65.57204597629607, "learning_rate": 5.2209145459253604e-05, "loss": 9.431367874145508, "muonclip": {"clipped_heads": [0, 0, 0, 0], "max_logit": [6.571853160858154, 5.948605060577393, 5.412467956542969, 4.921215534210205], "min_scale": [1.0, 1.0, 1.0, 1.0]}, "step": 26, "step_ms": 713.5713759344071, "tokens": 524288, "tokens_per_second": 734737.9921363236, "tokens_seen": 13631488, "wall_tokens_per_second": 726154.3940217026}
{"data_wait_ms": 0.16325002070516348, "grad_norm": 0.45869603753089905, "host_to_device_ms": 55.21072598639876, "learning_rate": 4.435959355633935e-05, "loss": 9.343818664550781, "muonclip": {"clipped_heads": [0, 0, 0, 0], "max_logit": [6.364631652832031, 6.532032489776611, 5.732291221618652, 5.0128703117370605], "min_scale": [1.0, 1.0, 1.0, 1.0]}, "step": 27, "step_ms": 475.77837004791945, "tokens": 524288, "tokens_per_second": 1101958.4600855117, "tokens_seen": 14155776, "wall_tokens_per_second": 1077940.2787757996}
{"data_wait_ms": 0.15638000331819057, "grad_norm": 0.4688889980316162, "host_to_device_ms": 68.2738060131669, "learning_rate": 3.814149619390237e-05, "loss": 9.37401008605957, "muonclip": {"clipped_heads": [0, 0, 0, 0], "max_logit": [6.5689568519592285, 6.327667236328125, 5.862256050109863, 4.904300689697266], "min_scale": [1.0, 1.0, 1.0, 1.0]}, "step": 28, "step_ms": 1460.3485990082845, "tokens": 524288, "tokens_per_second": 359015.6489731571, "tokens_seen": 14680064, "wall_tokens_per_second": 356740.0760337382}
{"data_wait_ms": 533.6384869879112, "grad_norm": 0.4368203580379486, "host_to_device_ms": 79.17640497907996, "learning_rate": 3.3638942471723784e-05, "loss": 9.344972610473633, "muonclip": {"clipped_heads": [0, 0, 0, 0], "max_logit": [6.76469087600708, 6.77756404876709, 5.272652626037598, 4.996490478515625], "min_scale": [1.0, 1.0, 1.0, 1.0]}, "step": 29, "step_ms": 479.89925101865083, "tokens": 524288, "tokens_per_second": 1092495.9747012067, "tokens_seen": 15204352, "wall_tokens_per_second": 1067643.993479366}
{"data_wait_ms": 0.19128003623336554, "grad_norm": 0.43918874859809875, "host_to_device_ms": 70.2226860448718, "learning_rate": 3.0912821704837695e-05, "loss": 9.352968215942383, "muonclip": {"clipped_heads": [0, 0, 0, 0], "max_logit": [6.695873260498047, 5.870489597320557, 5.429070472717285, 5.250194072723389], "min_scale": [1.0, 1.0, 1.0, 1.0]}, "step": 30, "step_ms": 476.3065099250525, "tokens": 524288, "tokens_per_second": 1100736.5825894284, "tokens_seen": 15728640, "wall_tokens_per_second": 1082158.0503954904}
{"data_wait_ms": 0.245420029386878, "grad_norm": 0.547243595123291, "host_to_device_ms": 71.10925496090204, "learning_rate": 2.9999999999999997e-05, "loss": 9.354087829589844, "muonclip": {"clipped_heads": [0, 0, 0, 0], "max_logit": [6.148286819458008, 6.263857841491699, 5.266241073608398, 5.034775257110596], "min_scale": [1.0, 1.0, 1.0, 1.0]}, "step": 31, "step_ms": 1021.7609560349956, "tokens": 524288, "tokens_per_second": 513121.97525586694, "tokens_seen": 16252928, "wall_tokens_per_second": 508709.76258238096}
{"data_wait_ms": 145.67931997589767, "grad_norm": 0.44570067524909973, "host_to_device_ms": 73.12810595612973, "learning_rate": 2.9999999999999997e-05, "loss": 9.365190505981445, "muonclip": {"clipped_heads": [0, 0, 0, 0], "max_logit": [6.41827392578125, 6.49944543838501, 5.582459449768066, 4.860562324523926], "min_scale": [1.0, 1.0, 1.0, 1.0]}, "step": 32, "step_ms": 480.15983996447176, "tokens": 524288, "tokens_per_second": 1091903.063027498, "tokens_seen": 16777216, "wall_tokens_per_second": 1067960.9872184035}
{"data_wait_ms": 0.23982999846339226, "grad_norm": 0.42613422870635986, "host_to_device_ms": 69.48629498947412, "learning_rate": 2.9999999999999997e-05, "loss": 9.314933776855469, "muonclip": {"clipped_heads": [0, 0, 0, 0], "max_logit": [6.495584011077881, 5.964831829071045, 5.472750663757324, 5.129741668701172], "min_scale": [1.0, 1.0, 1.0, 1.0]}, "step": 33, "step_ms": 1453.9672899991274, "tokens": 524288, "tokens_per_second": 360591.3307721762, "tokens_seen": 17301504, "wall_tokens_per_second": 357891.40789696475}
{"data_wait_ms": 556.8689850624651, "grad_norm": 0.4449823796749115, "host_to_device_ms": 68.1206159060821, "learning_rate": 2.9999999999999997e-05, "loss": 9.330598831176758, "muonclip": {"clipped_heads": [0, 0, 0, 0], "max_logit": [6.269470691680908, 5.958460807800293, 5.446342468261719, 5.128373146057129], "min_scale": [1.0, 1.0, 1.0, 1.0]}, "step": 34, "step_ms": 478.587961057201, "tokens": 524288, "tokens_per_second": 1095489.319960844, "tokens_seen": 17825792, "wall_tokens_per_second": 1074189.533672171}
{"data_wait_ms": 0.4279899876564741, "grad_norm": 0.4955432713031769, "host_to_device_ms": 60.96158700529486, "learning_rate": 2.9999999999999997e-05, "loss": 9.335892677307129, "muonclip": {"clipped_heads": [0, 0, 0, 0], "max_logit": [6.369406223297119, 5.853237628936768, 5.272222995758057, 4.969028949737549], "min_scale": [1.0, 1.0, 1.0, 1.0]}, "step": 35, "step_ms": 803.1899200286716, "tokens": 524288, "tokens_per_second": 652757.1959335401, "tokens_seen": 18350080, "wall_tokens_per_second": 647206.8449616884}
{"data_wait_ms": 594.4934629369527, "grad_norm": 0.405141144990921, "host_to_device_ms": 69.05876600649208, "learning_rate": 2.9999999999999997e-05, "loss": 9.32958984375, "muonclip": {"clipped_heads": [0, 0, 0, 0], "max_logit": [6.881563663482666, 6.614290714263916, 5.689769268035889, 4.999633312225342], "min_scale": [1.0, 1.0, 1.0, 1.0]}, "step": 36, "step_ms": 597.9257629951462, "tokens": 524288, "tokens_per_second": 876844.639330679, "tokens_seen": 18874368, "wall_tokens_per_second": 863952.9760451597}
{"data_wait_ms": 0.20552007481455803, "grad_norm": 0.4193747937679291, "host_to_device_ms": 83.02300400100648, "learning_rate": 2.9999999999999997e-05, "loss": 9.278303146362305, "muonclip": {"clipped_heads": [0, 0, 0, 0], "max_logit": [6.176200866699219, 6.691992282867432, 5.549590587615967, 4.864140033721924], "min_scale": [1.0, 1.0, 1.0, 1.0]}, "step": 37, "step_ms": 1407.995222019963, "tokens": 524288, "tokens_per_second": 372364.89996595064, "tokens_seen": 19398656, "wall_tokens_per_second": 370404.93323610135}
{"data_wait_ms": 1149.186128983274, "grad_norm": 0.5083082914352417, "host_to_device_ms": 75.27445501182228, "learning_rate": 2.9999999999999997e-05, "loss": 9.282901763916016, "muonclip": {"clipped_heads": [0, 0, 0, 0], "max_logit": [6.620998859405518, 5.7180399894714355, 5.230032920837402, 5.136842727661133], "min_scale": [1.0, 1.0, 1.0, 1.0]}, "step": 38, "step_ms": 552.9931650962681, "tokens": 524288, "tokens_per_second": 948091.2841096853, "tokens_seen": 19922944, "wall_tokens_per_second": 934860.5115743501}
{"data_wait_ms": 0.16024010255932808, "grad_norm": 0.3977665603160858, "host_to_device_ms": 69.73391596693546, "learning_rate": 2.9999999999999997e-05, "loss": 9.290279388427734, "muonclip": {"clipped_heads": [0, 0, 0, 0], "max_logit": [6.598612308502197, 6.484721660614014, 5.447649002075195, 5.066005706787109], "min_scale": [1.0, 1.0, 1.0, 1.0]}, "step": 39, "step_ms": 504.0903689805418, "tokens": 524288, "tokens_per_second": 1040067.4804803458, "tokens_seen": 20447232, "wall_tokens_per_second": 1023640.4083547713}
{"data_wait_ms": 0.1925090327858925, "grad_norm": 0.39364922046661377, "host_to_device_ms": 66.59920699894428, "learning_rate": 2.9999999999999997e-05, "loss": 9.263949394226074, "muonclip": {"clipped_heads": [0, 0, 0, 0], "max_logit": [6.684382438659668, 5.963703632354736, 5.538971424102783, 4.858808994293213], "min_scale": [1.0, 1.0, 1.0, 1.0]}, "step": 40, "step_ms": 1509.4319160562009, "tokens": 524288, "tokens_per_second": 347341.2708602613, "tokens_seen": 20971520, "wall_tokens_per_second": 345745.6613634825}
{"data_wait_ms": 803.652310045436, "grad_norm": 0.40477046370506287, "host_to_device_ms": 72.31269497424364, "learning_rate": 2.9999999999999997e-05, "loss": 9.243194580078125, "muonclip": {"clipped_heads": [0, 0, 0, 0], "max_logit": [6.231914520263672, 5.95511531829834, 5.17063045501709, 5.425845146179199], "min_scale": [1.0, 1.0, 1.0, 1.0]}, "step": 41, "step_ms": 478.87118090875447, "tokens": 524288, "tokens_per_second": 1094841.412266777, "tokens_seen": 21495808, "wall_tokens_per_second": 1077409.2382707982}
{"data_wait_ms": 0.17918006051331758, "grad_norm": 0.414643257856369, "host_to_device_ms": 76.07499498408288, "learning_rate": 2.9999999999999997e-05, "loss": 9.276569366455078, "muonclip": {"clipped_heads": [0, 0, 0, 0], "max_logit": [6.3637166023254395, 6.253966808319092, 5.5332112312316895, 5.022189140319824], "min_scale": [1.0, 1.0, 1.0, 1.0]}, "step": 42, "step_ms": 1012.3686069855466, "tokens": 524288, "tokens_per_second": 517882.51471085486, "tokens_seen": 22020096, "wall_tokens_per_second": 512228.9193106303}
{"data_wait_ms": 790.5549800489098, "grad_norm": 0.38816961646080017, "host_to_device_ms": 65.81061601173133, "learning_rate": 2.9999999999999997e-05, "loss": 9.264528274536133, "muonclip": {"clipped_heads": [0, 0, 0, 0], "max_logit": [6.287159442901611, 6.194895267486572, 5.49908447265625, 5.2161641120910645], "min_scale": [1.0, 1.0, 1.0, 1.0]}, "step": 43, "step_ms": 491.7138189775869, "tokens": 524288, "tokens_per_second": 1066246.2183595817, "tokens_seen": 22544384, "wall_tokens_per_second": 1056902.8321334184}
{"data_wait_ms": 0.16321998555213213, "grad_norm": 0.3888329863548279, "host_to_device_ms": 66.80899602361023, "learning_rate": 2.9999999999999997e-05, "loss": 9.256319046020508, "muonclip": {"clipped_heads": [0, 0, 0, 0], "max_logit": [6.45623779296875, 6.08912467956543, 5.525833606719971, 5.110310077667236], "min_scale": [1.0, 1.0, 1.0, 1.0]}, "step": 44, "step_ms": 511.6228589322418, "tokens": 524288, "tokens_per_second": 1024754.8381520528, "tokens_seen": 23068672, "wall_tokens_per_second": 1008215.1938651425}
{"data_wait_ms": 0.18023990560323, "grad_norm": 0.4038675129413605, "host_to_device_ms": 69.50838607735932, "learning_rate": 2.9999999999999997e-05, "loss": 9.264345169067383, "muonclip": {"clipped_heads": [0, 0, 0, 0], "max_logit": [6.193511486053467, 6.0167412757873535, 5.372690200805664, 4.687668323516846], "min_scale": [1.0, 1.0, 1.0, 1.0]}, "step": 45, "step_ms": 1393.4605329995975, "tokens": 524288, "tokens_per_second": 376248.9052139889, "tokens_seen": 23592960, "wall_tokens_per_second": 374866.7631070812}
{"data_wait_ms": 782.0539410458878, "grad_norm": 0.4079183042049408, "host_to_device_ms": 80.80508501734585, "learning_rate": 2.9999999999999997e-05, "loss": 9.215230941772461, "muonclip": {"clipped_heads": [0, 0, 0, 0], "max_logit": [6.30138635635376, 5.972357273101807, 5.463223934173584, 5.084278106689453], "min_scale": [1.0, 1.0, 1.0, 1.0]}, "step": 46, "step_ms": 479.51141104567796, "tokens": 524288, "tokens_per_second": 1093379.6108348642, "tokens_seen": 24117248, "wall_tokens_per_second": 1066552.0305264269}
{"data_wait_ms": 0.1653000945225358, "grad_norm": 0.3942108750343323, "host_to_device_ms": 72.73868599440902, "learning_rate": 2.9999999999999997e-05, "loss": 9.255315780639648, "muonclip": {"clipped_heads": [0, 0, 0, 0], "max_logit": [6.483922004699707, 6.162148952484131, 5.442601680755615, 5.008262634277344], "min_scale": [1.0, 1.0, 1.0, 1.0]}, "step": 47, "step_ms": 1540.1254940079525, "tokens": 524288, "tokens_per_second": 340419.0126322867, "tokens_seen": 24641536, "wall_tokens_per_second": 338351.9934364588}
{"data_wait_ms": 801.9073300529271, "grad_norm": 0.3897186517715454, "host_to_device_ms": 69.78507596068084, "learning_rate": 2.9999999999999997e-05, "loss": 9.225736618041992, "muonclip": {"clipped_heads": [0, 0, 0, 0], "max_logit": [6.382079601287842, 6.241949558258057, 5.379652976989746, 4.990542411804199], "min_scale": [1.0, 1.0, 1.0, 1.0]}, "step": 48, "step_ms": 479.2982810176909, "tokens": 524288, "tokens_per_second": 1093865.8049988886, "tokens_seen": 25165824, "wall_tokens_per_second": 1072579.9532508801}
{"data_wait_ms": 0.20587106700986624, "grad_norm": 0.49856388568878174, "host_to_device_ms": 80.73084393981844, "learning_rate": 2.9999999999999997e-05, "loss": 9.173141479492188, "muonclip": {"clipped_heads": [0, 0, 0, 0], "max_logit": [6.236037254333496, 5.914175987243652, 5.741365909576416, 5.171540260314941], "min_scale": [1.0, 1.0, 1.0, 1.0]}, "step": 49, "step_ms": 986.12628900446, "tokens": 524288, "tokens_per_second": 531664.1548308107, "tokens_seen": 25690112, "wall_tokens_per_second": 525464.0368638679}
{"data_wait_ms": 756.6671230597422, "grad_norm": 0.36961543560028076, "host_to_device_ms": 61.42398598603904, "learning_rate": 2.9999999999999997e-05, "loss": 9.185640335083008, "muonclip": {"clipped_heads": [0, 0, 0, 0], "max_logit": [6.053451061248779, 6.656163215637207, 5.42549467086792, 4.817657470703125], "min_scale": [1.0, 1.0, 1.0, 1.0]}, "step": 50, "step_ms": 479.01618003379554, "tokens": 524288, "tokens_per_second": 1094510.0016517406, "tokens_seen": 26214400, "wall_tokens_per_second": 1071891.2443636528}
{"data_wait_ms": 0.1855400623753667, "grad_norm": 0.40868833661079407, "host_to_device_ms": 62.780526001006365, "learning_rate": 2.9999999999999997e-05, "loss": 9.249393463134766, "muonclip": {"clipped_heads": [0, 0, 0, 0], "max_logit": [6.267061233520508, 6.443666458129883, 5.604067325592041, 5.07062292098999], "min_scale": [1.0, 1.0, 1.0, 1.0]}, "step": 51, "step_ms": 663.8947679894045, "tokens": 524288, "tokens_per_second": 789715.5170958772, "tokens_seen": 26738688, "wall_tokens_per_second": 779310.7967287888}
{"data_wait_ms": 0.15700003132224083, "grad_norm": 0.470240980386734, "host_to_device_ms": 63.74904594849795, "learning_rate": 2.9999999999999997e-05, "loss": 9.242531776428223, "muonclip": {"clipped_heads": [0, 0, 0, 0], "max_logit": [6.347298622131348, 5.933149337768555, 5.6607770919799805, 4.900641441345215], "min_scale": [1.0, 1.0, 1.0, 1.0]}, "step": 52, "step_ms": 1275.8603210095316, "tokens": 524288, "tokens_per_second": 410928.9954131924, "tokens_seen": 27262976, "wall_tokens_per_second": 408260.89787403063}
{"data_wait_ms": 626.9729709019884, "grad_norm": 0.35643270611763, "host_to_device_ms": 67.07508605904877, "learning_rate": 2.9999999999999997e-05, "loss": 9.18453311920166, "muonclip": {"clipped_heads": [0, 0, 0, 0], "max_logit": [6.475747108459473, 5.97025203704834, 5.458101749420166, 5.170440196990967], "min_scale": [1.0, 1.0, 1.0, 1.0]}, "step": 53, "step_ms": 481.67477000970393, "tokens": 524288, "tokens_per_second": 1088468.885321599, "tokens_seen": 27787264, "wall_tokens_per_second": 1071571.4736941275}
{"data_wait_ms": 0.16099994536489248, "grad_norm": 0.3821345269680023, "host_to_device_ms": 68.36649600882083, "learning_rate": 2.9999999999999997e-05, "loss": 9.185319900512695, "muonclip": {"clipped_heads": [0, 0, 0, 0], "max_logit": [6.640049934387207, 5.975083351135254, 6.001620769500732, 5.100639343261719], "min_scale": [1.0, 1.0, 1.0, 1.0]}, "step": 54, "step_ms": 1197.8335150051862, "tokens": 524288, "tokens_per_second": 437696.886447304, "tokens_seen": 28311552, "wall_tokens_per_second": 434457.01517238957}
{"data_wait_ms": 966.3354200311005, "grad_norm": 0.3963301181793213, "host_to_device_ms": 67.00658600311726, "learning_rate": 2.9999999999999997e-05, "loss": 9.172821998596191, "muonclip": {"clipped_heads": [0, 0, 0, 0], "max_logit": [6.191235542297363, 6.1952972412109375, 5.385881423950195, 5.275853157043457], "min_scale": [1.0, 1.0, 1.0, 1.0]}, "step": 55, "step_ms": 478.78176998347044, "tokens": 524288, "tokens_per_second": 1095045.8703097668, "tokens_seen": 28835840, "wall_tokens_per_second": 1072663.9147961421}
{"data_wait_ms": 0.20111002959311008, "grad_norm": 0.3626093566417694, "host_to_device_ms": 77.38621497992426, "learning_rate": 2.9999999999999997e-05, "loss": 9.187649726867676, "muonclip": {"clipped_heads": [0, 0, 0, 0], "max_logit": [6.407792091369629, 6.12917423248291, 5.492547512054443, 4.914618968963623], "min_scale": [1.0, 1.0, 1.0, 1.0]}, "step": 56, "step_ms": 475.59857997111976, "tokens": 524288, "tokens_per_second": 1102375.0323893668, "tokens_seen": 29360128, "wall_tokens_per_second": 1083107.7048243308}
{"data_wait_ms": 0.16858999151736498, "grad_norm": 0.3767785131931305, "host_to_device_ms": 73.25415511149913, "learning_rate": 2.9999999999999997e-05, "loss": 9.141164779663086, "muonclip": {"clipped_heads": [0, 0, 0, 0], "max_logit": [6.51206636428833, 6.156651020050049, 5.654040336608887, 5.369411468505859], "min_scale": [1.0, 1.0, 1.0, 1.0]}, "step": 57, "step_ms": 1281.2618400203064, "tokens": 524288, "tokens_per_second": 409196.60886153503, "tokens_seen": 29884416, "wall_tokens_per_second": 406707.8653993395}
{"data_wait_ms": 665.5398290604353, "grad_norm": 0.3679465651512146, "host_to_device_ms": 78.379274928011, "learning_rate": 2.9999999999999997e-05, "loss": 9.15500259399414, "muonclip": {"clipped_heads": [0, 0, 0, 0], "max_logit": [6.492149353027344, 5.90882682800293, 5.702561855316162, 5.099894046783447], "min_scale": [1.0, 1.0, 1.0, 1.0]}, "step": 58, "step_ms": 481.4436089945957, "tokens": 524288, "tokens_per_second": 1088991.504311121, "tokens_seen": 30408704, "wall_tokens_per_second": 1066045.9366097848}
{"data_wait_ms": 0.17900997772812843, "grad_norm": 0.464089959859848, "host_to_device_ms": 73.61267495434731, "learning_rate": 2.9999999999999997e-05, "loss": 9.161409378051758, "muonclip": {"clipped_heads": [0, 0, 0, 0], "max_logit": [6.328049659729004, 6.536954402923584, 5.664896011352539, 5.286088943481445], "min_scale": [1.0, 1.0, 1.0, 1.0]}, "step": 59, "step_ms": 485.78420002013445, "tokens": 524288, "tokens_per_second": 1079261.120428103, "tokens_seen": 30932992, "wall_tokens_per_second": 1058198.431009859}
{"data_wait_ms": 0.1684400485828519, "grad_norm": 0.41037824749946594, "host_to_device_ms": 73.88448400888592, "learning_rate": 2.9999999999999997e-05, "loss": 9.164319038391113, "muonclip": {"clipped_heads": [0, 0, 0, 0], "max_logit": [6.0887837409973145, 6.0130109786987305, 5.713322639465332, 5.386613845825195], "min_scale": [1.0, 1.0, 1.0, 1.0]}, "step": 60, "step_ms": 1002.8938879258931, "tokens": 524288, "tokens_per_second": 522775.1473132333, "tokens_seen": 31457280, "wall_tokens_per_second": 517116.4139889171}
wandb: updating run metadata
wandb: uploading wandb-summary.json; uploading config.yaml; uploading output.log
wandb: 
wandb: Run history:
wandb:          data/batches_emitted ▁▁▁▁▁▂▂▂▂▂▃▃▃▃▃▄▄▄▄▄▅▅▅▅▅▅▅▅▆▆▆▆▆▇▇▇▇▇██
wandb:  data/document_selection_rate ▁▃▄▆▇▂▃▅▅▆▇█▇▇▆▇▇▇▄▅▅▅▅▆▄▅▅▅▅▄▄▄▄▄▄▅▅▅▅▆
wandb:           data/documents_seen ▁▁▁▁▁▂▂▂▂▂▃▃▃▃▃▃▄▄▄▄▄▄▅▅▅▅▆▆▆▆▆▇▇▇▇▇▇▇▇█
wandb:       data/documents_selected ▁▁▁▁▂▂▂▂▂▂▃▃▃▃▃▄▄▄▄▄▅▅▅▅▅▆▆▆▆▆▇▇▇▇▇▇▇███
wandb:     data/prefetch_queue_depth ███▃▆▁▃▁▃▁▆▃▁▃▁▁▆▃▁▆▃▁▃▁▆▁▆▃▁▃▃▁▆▁▃▆▃▁▆▁
wandb:           data/tokens_emitted ▁▁▁▁▁▁▁▂▂▂▂▂▂▃▃▄▄▄▄▄▅▅▅▅▅▅▅▆▆▆▆▇▇▇▇▇▇███
wandb:           optimizer/grad_norm █▇▆▅▅▄▄▃▂▂▂▂▂▁▁▁▁▁▁▁▁▁▁▁▁▁▁▁▁▁▁▁▁▁▁▁▁▁▁▁
wandb:       optimizer/learning_rate ▅████▇▇▆▆▅▄▄▃▃▂▂▁▁▁▁▁▁▁▁▁▁▁▁▁▁▁▁▁▁▁▁▁▁▁▁
wandb:      performance/data_wait_ms ▁▁▁▁▁▁▇▁▁▅▄▁▇▁▁▁▄▁▇▁▄▁▁▂▁▅█▁▁▆▆▁▁▁▆▁▁▁▇▁
wandb: performance/host_to_device_ms ▁▅▆▅▇▄▄▃▅▅▄▇▆█▅▄▅▇▆▆▆▇▆▆▅▇▅▅▆▇▆▇▅▅▅▅▇▆▇▆
wandb:                            +9 ...
wandb: 
wandb: Run summary:
wandb:            data/batches_emitted 63
wandb:    data/document_selection_rate 0.99174
wandb:             data/documents_seen 6782
wandb:         data/documents_selected 6726
wandb:       data/prefetch_queue_depth 3
wandb:             data/tokens_emitted 4130784.0
wandb: effective_batch_size_per_device 8
wandb:     effective_global_batch_size 256
wandb:                      final_loss 9.16432
wandb:     gradient_accumulation_steps 1
wandb:                             +24 ...
wandb: 
wandb: 🚀 View run 20260728T132947Z-kda_hybrid_128k-muonclip-superbpe_smoke at: https://wandb.ai/davidfranco2300-other/yxtpu-pretrain/runs/f2x6ii3l
wandb: ⭐️ View project at: https://wandb.ai/davidfranco2300-other/yxtpu-pretrain
wandb: Synced 5 W&B file(s), 0 media file(s), 0 artifact file(s) and 0 other file(s)
wandb: Find logs at: ./runs/20260728T132947Z-kda_hybrid_128k-muonclip-superbpe_smoke/wandb/run-20260728_133029-f2x6ii3l/logs
{
  "compiled_memory": {
    "alias_size_in_bytes": 3224296448,
    "argument_size_in_bytes": 3224558592,
    "estimated_peak_bytes": 26048480256,
    "generated_code_size_in_bytes": 203717632,
    "output_size_in_bytes": 3224304640,
    "temp_size_in_bytes": 22823913472
  },
  "effective_batch_size_per_device": 8,
  "effective_global_batch_size": 256,
  "final_loss": 9.164319038391113,
  "gradient_accumulation_steps": 1,
  "jax_device_count": 32,
  "jax_process_count": 8,
  "libtpu_init_args": "--xla_enable_async_all_gather=true --xla_tpu_use_enhanced_launch_barrier=true",
  "max_tokens_per_second": 1104933.8329410874,
  "mean_tokens_per_second": 796583.7179610226,
  "memory": {
    "peak_bytes_in_use": 3768991744
  },
  "microbatch_size_per_device": 8,
  "parameter_count": 337228384,
  "steps": 60,
  "token_budget": null,
  "tokens_seen": 31457280,
  "wandb_url": "https://wandb.ai/davidfranco2300-other/yxtpu-pretrain/runs/f2x6ii3l"
}
